src/pages/Dashboard/components/EditItemModal.tsx(43,10): error TS6133: 'loadingVariants' is declared but its value is never read.
src/pages/Dashboard/components/EditItemModal.tsx(51,9): error TS18047: 'supabase' is possibly 'null'.
src/pages/Dashboard/components/EditItemModal.tsx(70,29): error TS18047: 'supabase' is possibly 'null'.
src/pages/Dashboard/components/EditItemModal.tsx(85,32): error TS18047: 'supabase' is possibly 'null'.
src/pages/Dashboard/components/EditItemModal.tsx(107,31): error TS18047: 'supabase' is possibly 'null'.
src/pages/Dashboard/components/Sidebar.tsx(1,70): error TS6133: 'Users' is declared but its value is never read.
src/pages/Dashboard/components/Sidebar.tsx(1,77): error TS6133: 'Wrench' is declared but its value is never read.
src/pages/Dashboard/components/WorkOrders.tsx(1,20): error TS6133: 'useEffect' is declared but its value is never read.
src/pages/Dashboard/components/WorkOrders.tsx(5,11): error TS6133: 'SortDesc' is declared but its value is never read.
src/pages/Dashboard/components/WorkOrders.tsx(5,36): error TS6133: 'BarChart3' is declared but its value is never read.
src/pages/Dashboard/components/WorkOrders.tsx(6,3): error TS6133: 'ArrowUpDown' is declared but its value is never read.
src/pages/Dashboard/components/WorkOrders.tsx(6,29): error TS6133: 'Eye' is declared but its value is never read.
src/pages/Dashboard/components/WorkOrders.tsx(6,34): error TS6133: 'Archive' is declared but its value is never read.
